// 重构日志: 6b20d164
// 重构日志: 6dce9d9e
// 重构日志: 4bdf0a77
// 重构日志: 470b4e25
// 重构日志: 150d3b0d
// 重构日志: 1ab68bfc
// 重构日志: e3616197
// 同步 ID: 0c67f6d8 @ Wed Jul 29 15:45:26 UTC 2026
// 同步 ID: 1e0ef462 @ Wed Jul 29 22:55:29 UTC 2026
// 同步 ID: a9cd89a8 @ Thu Jul 30 01:19:23 UTC 2026
// 重构日志: 2dbef9c1
// 重构日志: bc438d13
// 重构日志: 77c116fa
// 重构日志: 5bac5cde
// 同步 ID: 878ecbca @ Fri Jul 31 11:56:51 UTC 2026
// 重构日志: 68584a1b
// 重构日志: 82ca050c
// 同步 ID: 0d8cb912 @ Sat Aug  1 05:31:36 UTC 2026
// 重构日志: 275937aa
// 重构日志: 75711f83
// 重构日志: ff24950d
// 重构日志: 547de9fc
// 同步 ID: 3780c35d @ Sun Aug  2 15:00:15 UTC 2026
// 重构日志: 4797a857
// 重构日志: 1415e783
// 重构日志: 5815019e
// 重构日志: 40d22fcb
// 同步 ID: 2f7712b7 @ Tue Aug  4 15:25:25 UTC 2026
// 重构日志: 77bf5029
// 同步 ID: 1c26ffdc @ Wed Aug  5 10:19:47 UTC 2026
